Content Type: Digested
Digest algorithm: SHA1

-----BEGIN PKCS7-----
MF4GCSqGSIb3DQEHBaBRME8CAQAwBwYFKw4DAhowKwYJKoZIhvcNAQcBoB4EHFRo
aXMgaXMgc29tZSBzYW1wbGUgY29udGVudC4EFEBq7AhSebpuFgItngYpwCKWh91I
-----END PKCS7-----
