Content Type: Data
Embedded size: 28 octets
-----BEGIN PKCS7-----
MCsGCSqGSIb3DQEHAaAeBBxUaGlzIGlzIHNvbWUgc2FtcGxlIGNvbnRlbnQu
-----END PKCS7-----
